// Jest Snapshot v1, https://goo.gl/fbAQLP

exports[`Home renders correctly 1`] = `
<styled.div>
  <styled.h1>
    React Boilerplate
  </styled.h1>
</styled.div>
`;
